------------------------------------------------------------
TimeQuest Timing Analyzer Summary
------------------------------------------------------------

Type  : Slow 1200mV 85C Model Setup 'sys_inst|dcm_cpu_inst|altpll_component|auto_generated|pll1|clk[0]'
Slack : -35.623
TNS   : -89323.608

Type  : Slow 1200mV 85C Model Setup 'sys_inst|dcm_cpu_inst|altpll_component|auto_generated|pll1|clk[1]'
Slack : -19.727
TNS   : -650.080

Type  : Slow 1200mV 85C Model Setup 'sys_inst|dcm_system|altpll_component|auto_generated|pll1|clk[1]'
Slack : -12.475
TNS   : -1972.938

Type  : Slow 1200mV 85C Model Setup 'sys_inst|dcm_system|altpll_component|auto_generated|pll1|clk[0]'
Slack : -11.528
TNS   : -4030.302

Type  : Slow 1200mV 85C Model Setup 'SPI_SCK'
Slack : -5.166
TNS   : -376.902

Type  : Slow 1200mV 85C Model Setup 'sys_inst|dcm_system|altpll_component|auto_generated|pll1|clk[4]'
Slack : -4.847
TNS   : -365.420

Type  : Slow 1200mV 85C Model Hold 'sys_inst|dcm_system|altpll_component|auto_generated|pll1|clk[1]'
Slack : -0.201
TNS   : -3.160

Type  : Slow 1200mV 85C Model Hold 'sys_inst|dcm_system|altpll_component|auto_generated|pll1|clk[0]'
Slack : 0.411
TNS   : 0.000

Type  : Slow 1200mV 85C Model Hold 'sys_inst|dcm_cpu_inst|altpll_component|auto_generated|pll1|clk[0]'
Slack : 0.433
TNS   : 0.000

Type  : Slow 1200mV 85C Model Hold 'sys_inst|dcm_cpu_inst|altpll_component|auto_generated|pll1|clk[1]'
Slack : 0.444
TNS   : 0.000

Type  : Slow 1200mV 85C Model Hold 'sys_inst|dcm_system|altpll_component|auto_generated|pll1|clk[4]'
Slack : 0.455
TNS   : 0.000

Type  : Slow 1200mV 85C Model Hold 'SPI_SCK'
Slack : 0.485
TNS   : 0.000

Type  : Slow 1200mV 85C Model Recovery 'SPI_SCK'
Slack : -5.611
TNS   : -33.266

Type  : Slow 1200mV 85C Model Removal 'SPI_SCK'
Slack : 3.970
TNS   : 0.000

Type  : Slow 1200mV 85C Model Minimum Pulse Width 'sys_inst|dcm_system|altpll_component|auto_generated|pll1|clk[1]'
Slack : -3.999
TNS   : -1128.866

Type  : Slow 1200mV 85C Model Minimum Pulse Width 'sys_inst|dcm_cpu_inst|altpll_component|auto_generated|pll1|clk[0]'
Slack : -3.901
TNS   : -7541.556

Type  : Slow 1200mV 85C Model Minimum Pulse Width 'sys_inst|dcm_cpu_inst|altpll_component|auto_generated|pll1|clk[1]'
Slack : -3.901
TNS   : -380.114

Type  : Slow 1200mV 85C Model Minimum Pulse Width 'SPI_SCK'
Slack : -3.201
TNS   : -196.185

Type  : Slow 1200mV 85C Model Minimum Pulse Width 'sys_inst|dcm_system|altpll_component|auto_generated|pll1|clk[0]'
Slack : -3.120
TNS   : -1431.992

Type  : Slow 1200mV 85C Model Minimum Pulse Width 'CLOCK_27'
Slack : -3.000
TNS   : -3.000

Type  : Slow 1200mV 85C Model Minimum Pulse Width 'sys_inst|dcm_system|altpll_component|auto_generated|pll1|clk[4]'
Slack : -2.355
TNS   : -89.754

Type  : Slow 1200mV 85C Model Minimum Pulse Width 'sys_inst|dcm_system|altpll_component|auto_generated|pll1|clk[2]'
Slack : -2.285
TNS   : -4.792

Type  : Slow 1200mV 0C Model Setup 'sys_inst|dcm_cpu_inst|altpll_component|auto_generated|pll1|clk[0]'
Slack : -33.304
TNS   : -83691.262

Type  : Slow 1200mV 0C Model Setup 'sys_inst|dcm_cpu_inst|altpll_component|auto_generated|pll1|clk[1]'
Slack : -18.132
TNS   : -603.528

Type  : Slow 1200mV 0C Model Setup 'sys_inst|dcm_system|altpll_component|auto_generated|pll1|clk[1]'
Slack : -11.316
TNS   : -1842.961

Type  : Slow 1200mV 0C Model Setup 'sys_inst|dcm_system|altpll_component|auto_generated|pll1|clk[0]'
Slack : -10.849
TNS   : -3733.156

Type  : Slow 1200mV 0C Model Setup 'SPI_SCK'
Slack : -4.826
TNS   : -349.191

Type  : Slow 1200mV 0C Model Setup 'sys_inst|dcm_system|altpll_component|auto_generated|pll1|clk[4]'
Slack : -4.398
TNS   : -330.291

Type  : Slow 1200mV 0C Model Hold 'sys_inst|dcm_system|altpll_component|auto_generated|pll1|clk[1]'
Slack : 0.263
TNS   : 0.000

Type  : Slow 1200mV 0C Model Hold 'sys_inst|dcm_cpu_inst|altpll_component|auto_generated|pll1|clk[0]'
Slack : 0.382
TNS   : 0.000

Type  : Slow 1200mV 0C Model Hold 'sys_inst|dcm_system|altpll_component|auto_generated|pll1|clk[0]'
Slack : 0.383
TNS   : 0.000

Type  : Slow 1200mV 0C Model Hold 'sys_inst|dcm_cpu_inst|altpll_component|auto_generated|pll1|clk[1]'
Slack : 0.402
TNS   : 0.000

Type  : Slow 1200mV 0C Model Hold 'sys_inst|dcm_system|altpll_component|auto_generated|pll1|clk[4]'
Slack : 0.403
TNS   : 0.000

Type  : Slow 1200mV 0C Model Hold 'SPI_SCK'
Slack : 0.430
TNS   : 0.000

Type  : Slow 1200mV 0C Model Recovery 'SPI_SCK'
Slack : -5.565
TNS   : -33.065

Type  : Slow 1200mV 0C Model Removal 'SPI_SCK'
Slack : 3.640
TNS   : 0.000

Type  : Slow 1200mV 0C Model Minimum Pulse Width 'sys_inst|dcm_system|altpll_component|auto_generated|pll1|clk[1]'
Slack : -3.999
TNS   : -1126.805

Type  : Slow 1200mV 0C Model Minimum Pulse Width 'sys_inst|dcm_cpu_inst|altpll_component|auto_generated|pll1|clk[0]'
Slack : -3.901
TNS   : -7558.567

Type  : Slow 1200mV 0C Model Minimum Pulse Width 'sys_inst|dcm_cpu_inst|altpll_component|auto_generated|pll1|clk[1]'
Slack : -3.901
TNS   : -379.958

Type  : Slow 1200mV 0C Model Minimum Pulse Width 'SPI_SCK'
Slack : -3.201
TNS   : -196.185

Type  : Slow 1200mV 0C Model Minimum Pulse Width 'sys_inst|dcm_system|altpll_component|auto_generated|pll1|clk[0]'
Slack : -3.120
TNS   : -1431.992

Type  : Slow 1200mV 0C Model Minimum Pulse Width 'CLOCK_27'
Slack : -3.000
TNS   : -3.000

Type  : Slow 1200mV 0C Model Minimum Pulse Width 'sys_inst|dcm_system|altpll_component|auto_generated|pll1|clk[4]'
Slack : -2.355
TNS   : -89.754

Type  : Slow 1200mV 0C Model Minimum Pulse Width 'sys_inst|dcm_system|altpll_component|auto_generated|pll1|clk[2]'
Slack : -2.285
TNS   : -4.776

Type  : Fast 1200mV 0C Model Setup 'sys_inst|dcm_cpu_inst|altpll_component|auto_generated|pll1|clk[0]'
Slack : -15.287
TNS   : -38055.801

Type  : Fast 1200mV 0C Model Setup 'sys_inst|dcm_cpu_inst|altpll_component|auto_generated|pll1|clk[1]'
Slack : -8.281
TNS   : -257.484

Type  : Fast 1200mV 0C Model Setup 'sys_inst|dcm_system|altpll_component|auto_generated|pll1|clk[1]'
Slack : -8.100
TNS   : -926.141

Type  : Fast 1200mV 0C Model Setup 'sys_inst|dcm_system|altpll_component|auto_generated|pll1|clk[0]'
Slack : -4.141
TNS   : -1235.588

Type  : Fast 1200mV 0C Model Setup 'SPI_SCK'
Slack : -2.119
TNS   : -109.356

Type  : Fast 1200mV 0C Model Setup 'sys_inst|dcm_system|altpll_component|auto_generated|pll1|clk[4]'
Slack : -1.042
TNS   : -63.247

Type  : Fast 1200mV 0C Model Hold 'sys_inst|dcm_system|altpll_component|auto_generated|pll1|clk[1]'
Slack : 0.135
TNS   : 0.000

Type  : Fast 1200mV 0C Model Hold 'sys_inst|dcm_system|altpll_component|auto_generated|pll1|clk[0]'
Slack : 0.141
TNS   : 0.000

Type  : Fast 1200mV 0C Model Hold 'sys_inst|dcm_cpu_inst|altpll_component|auto_generated|pll1|clk[1]'
Slack : 0.157
TNS   : 0.000

Type  : Fast 1200mV 0C Model Hold 'sys_inst|dcm_cpu_inst|altpll_component|auto_generated|pll1|clk[0]'
Slack : 0.170
TNS   : 0.000

Type  : Fast 1200mV 0C Model Hold 'sys_inst|dcm_system|altpll_component|auto_generated|pll1|clk[4]'
Slack : 0.187
TNS   : 0.000

Type  : Fast 1200mV 0C Model Hold 'SPI_SCK'
Slack : 0.199
TNS   : 0.000

Type  : Fast 1200mV 0C Model Recovery 'SPI_SCK'
Slack : -2.179
TNS   : -12.884

Type  : Fast 1200mV 0C Model Removal 'SPI_SCK'
Slack : 1.064
TNS   : 0.000

Type  : Fast 1200mV 0C Model Minimum Pulse Width 'SPI_SCK'
Slack : -3.000
TNS   : -180.255

Type  : Fast 1200mV 0C Model Minimum Pulse Width 'CLOCK_27'
Slack : -3.000
TNS   : -3.840

Type  : Fast 1200mV 0C Model Minimum Pulse Width 'sys_inst|dcm_system|altpll_component|auto_generated|pll1|clk[1]'
Slack : -1.798
TNS   : -855.174

Type  : Fast 1200mV 0C Model Minimum Pulse Width 'sys_inst|dcm_system|altpll_component|auto_generated|pll1|clk[2]'
Slack : -1.798
TNS   : -3.806

Type  : Fast 1200mV 0C Model Minimum Pulse Width 'sys_inst|dcm_cpu_inst|altpll_component|auto_generated|pll1|clk[0]'
Slack : -1.700
TNS   : -5681.875

Type  : Fast 1200mV 0C Model Minimum Pulse Width 'sys_inst|dcm_cpu_inst|altpll_component|auto_generated|pll1|clk[1]'
Slack : -1.700
TNS   : -242.174

Type  : Fast 1200mV 0C Model Minimum Pulse Width 'sys_inst|dcm_system|altpll_component|auto_generated|pll1|clk[0]'
Slack : -0.919
TNS   : -872.131

Type  : Fast 1200mV 0C Model Minimum Pulse Width 'sys_inst|dcm_system|altpll_component|auto_generated|pll1|clk[4]'
Slack : -0.154
TNS   : -20.328

------------------------------------------------------------
